#![feature(prelude_import)]
#[prelude_import]
use std::prelude::rust_2021::*;
#[macro_use]
extern crate std;
use dynosaur::dynosaur;

trait MyTrait<T> {
    const N: i32;
    type Item;
    async fn foo(&self, x: &T)
    -> i32;
}
mod __dynosaur_macro_dynmytrait {
    use super::*;
    trait ErasedMyTrait<T> {
        const N: i32;
        type Item;
        fn foo<'life0, 'life1, 'dynosaur>(&'life0 self, x: &'life1 T)
        ->
            ::core::pin::Pin<Box<dyn ::core::future::Future<Output = i32> +
            'dynosaur>>
        where
        'life0: 'dynosaur,
        'life1: 'dynosaur,
        Self: 'dynosaur;
    }
    impl<T, DYNOSAUR: MyTrait<T>> ErasedMyTrait<T> for DYNOSAUR {
        const N: i32 = <Self as MyTrait<T>>::N;
        type Item = <Self as MyTrait<T>>::Item;
        fn foo<'life0, 'life1, 'dynosaur>(&'life0 self, x: &'life1 T)
            ->
                ::core::pin::Pin<Box<dyn ::core::future::Future<Output =
                i32> + 'dynosaur>> where 'life0: 'dynosaur, 'life1: 'dynosaur,
            Self: 'dynosaur {
            Box::pin(<Self as MyTrait<T>>::foo(self, x))
        }
    }
    #[repr(transparent)]
    pub struct DynMyTrait<'dynosaur_struct, T, Item> {
        ptr: dyn ErasedMyTrait<T, Item = Item> + 'dynosaur_struct,
    }
    impl<'dynosaur_struct, T, Item> MyTrait<T> for
        DynMyTrait<'dynosaur_struct, T, Item> {
        const N: i32 = <Self as MyTrait<T>>::N;
        type Item = Item;
        fn foo(&self, x: &T) -> impl ::core::future::Future<Output = i32> {
            let ret:
                    ::core::pin::Pin<Box<dyn ::core::future::Future<Output =
                    i32> + '_>> = self.ptr.foo(x);
            let ret:
                    ::core::pin::Pin<Box<dyn ::core::future::Future<Output =
                    i32> + 'static>> = unsafe { ::core::mem::transmute(ret) };
            ret
        }
    }
    impl<'dynosaur_struct, T, Item> DynMyTrait<'dynosaur_struct, T, Item> {
        pub fn boxed(value: impl MyTrait<T, Item = Item> + 'dynosaur_struct)
            -> Box<DynMyTrait<'dynosaur_struct, T, Item>> {
            let value = Box::new(value);
            let value:
                    Box<dyn ErasedMyTrait<T, Item = Item> + 'dynosaur_struct> =
                value;
            unsafe { ::core::mem::transmute(value) }
        }
        pub fn from_ref(value:
                &(impl MyTrait<T, Item = Item> + 'dynosaur_struct))
            -> &DynMyTrait<'dynosaur_struct, T, Item> {
            let value:
                    &(dyn ErasedMyTrait<T, Item = Item> + 'dynosaur_struct) =
                &*value;
            unsafe { ::core::mem::transmute(value) }
        }
        pub fn from_mut(value:
                &mut (impl MyTrait<T, Item = Item> + 'dynosaur_struct))
            -> &mut DynMyTrait<'dynosaur_struct, T, Item> {
            let value:
                    &mut (dyn ErasedMyTrait<T, Item = Item> +
                    'dynosaur_struct) = &mut *value;
            unsafe { ::core::mem::transmute(value) }
        }
    }
}
use __dynosaur_macro_dynmytrait::DynMyTrait;

fn main() {}
